
> carnet-de-vadrouille@0.1.0 build
> react-scripts build

Creating an optimized production build...
Compiled with warnings.

[eslint] 
src/App.js
  Line 185:1:  Block is redundant  no-lone-blocks

src/dossier-bali/Bali.js
  Line 26:8:   'amedcarte' is defined but never used        no-unused-vars
  Line 33:10:  'Swiper' is defined but never used           no-unused-vars
  Line 33:18:  'SwiperSlide' is defined but never used      no-unused-vars
  Line 34:10:  'EffectCoverflow' is defined but never used  no-unused-vars
  Line 34:27:  'Pagination' is defined but never used       no-unused-vars
  Line 34:39:  'Navigation' is defined but never used       no-unused-vars
  Line 34:51:  'Autoplay' is defined but never used         no-unused-vars

src/dossier-thailande/Thailande.js
  Line 7:8:  'bangkok5' is defined but never used  no-unused-vars

Search for the keywords to learn more about each warning.
To ignore, add // eslint-disable-next-line to the line before.

File sizes after gzip:

  149.73 kB  build/static/js/main.7bbdd260.js
  17.22 kB   build/static/css/main.4c007d75.css
  1.77 kB    build/static/js/453.e5a2045b.chunk.js

The project was built assuming it is hosted at /Carnet-de-vadrouille/.
You can control this with the homepage field in your package.json.

The build folder is ready to be deployed.

Find out more about deployment here:

  https://cra.link/deployment

